Scope: all 11 workspace projects
Lockfile is up to date, resolution step is skipped
Progress: resolved 1, reused 0, downloaded 0, added 0
Packages: +1747
++++++++++++++++++++++++++++++++++++++++++++++++++++++++++++++++++++++++++++++++
Progress: resolved 1747, reused 69, downloaded 0, added 0
Progress: resolved 1747, reused 269, downloaded 0, added 0
Progress: resolved 1747, reused 643, downloaded 0, added 0
Progress: resolved 1747, reused 810, downloaded 0, added 0
Progress: resolved 1747, reused 868, downloaded 0, added 0
Progress: resolved 1747, reused 869, downloaded 0, added 0
Progress: resolved 1747, reused 884, downloaded 0, added 0
Progress: resolved 1747, reused 940, downloaded 0, added 0
Progress: resolved 1747, reused 1114, downloaded 0, added 0
Progress: resolved 1747, reused 1196, downloaded 0, added 0
Progress: resolved 1747, reused 1212, downloaded 0, added 0
Progress: resolved 1747, reused 1271, downloaded 0, added 0
Progress: resolved 1747, reused 1460, downloaded 0, added 0
Progress: resolved 1747, reused 1696, downloaded 0, added 0
Progress: resolved 1747, reused 1734, downloaded 0, added 0
Progress: resolved 1747, reused 1734, downloaded 0, added 8
Progress: resolved 1747, reused 1734, downloaded 0, added 10
Progress: resolved 1747, reused 1734, downloaded 0, added 11
Progress: resolved 1747, reused 1734, downloaded 0, added 14
Progress: resolved 1747, reused 1734, downloaded 0, added 17
Progress: resolved 1747, reused 1734, downloaded 0, added 19
Progress: resolved 1747, reused 1734, downloaded 0, added 20
Progress: resolved 1747, reused 1734, downloaded 0, added 21
Progress: resolved 1747, reused 1734, downloaded 0, added 22
Progress: resolved 1747, reused 1734, downloaded 0, added 23
Progress: resolved 1747, reused 1734, downloaded 0, added 24
Progress: resolved 1747, reused 1734, downloaded 0, added 25
Progress: resolved 1747, reused 1734, downloaded 0, added 26
Progress: resolved 1747, reused 1734, downloaded 0, added 27
Progress: resolved 1747, reused 1734, downloaded 0, added 31
Progress: resolved 1747, reused 1734, downloaded 0, added 32
Progress: resolved 1747, reused 1734, downloaded 0, added 34
Progress: resolved 1747, reused 1734, downloaded 0, added 36
Progress: resolved 1747, reused 1734, downloaded 0, added 38
Progress: resolved 1747, reused 1734, downloaded 0, added 40
Progress: resolved 1747, reused 1734, downloaded 0, added 41
Progress: resolved 1747, reused 1734, downloaded 0, added 42
Progress: resolved 1747, reused 1734, downloaded 0, added 44
Progress: resolved 1747, reused 1734, downloaded 0, added 50
Progress: resolved 1747, reused 1734, downloaded 0, added 52
Progress: resolved 1747, reused 1734, downloaded 0, added 56
Progress: resolved 1747, reused 1734, downloaded 0, added 57
Progress: resolved 1747, reused 1734, downloaded 0, added 58
Progress: resolved 1747, reused 1734, downloaded 0, added 61
Progress: resolved 1747, reused 1734, downloaded 0, added 63
Progress: resolved 1747, reused 1734, downloaded 0, added 64
Progress: resolved 1747, reused 1734, downloaded 0, added 65
Progress: resolved 1747, reused 1734, downloaded 0, added 72
Progress: resolved 1747, reused 1734, downloaded 0, added 73
Progress: resolved 1747, reused 1734, downloaded 0, added 74
Progress: resolved 1747, reused 1734, downloaded 0, added 76
Progress: resolved 1747, reused 1734, downloaded 0, added 77
Progress: resolved 1747, reused 1734, downloaded 0, added 78
Progress: resolved 1747, reused 1734, downloaded 0, added 79
Progress: resolved 1747, reused 1734, downloaded 0, added 80
Progress: resolved 1747, reused 1734, downloaded 0, added 85
Progress: resolved 1747, reused 1734, downloaded 0, added 89
Progress: resolved 1747, reused 1734, downloaded 0, added 90
Progress: resolved 1747, reused 1734, downloaded 0, added 91
Progress: resolved 1747, reused 1734, downloaded 0, added 92
Progress: resolved 1747, reused 1734, downloaded 0, added 93
Progress: resolved 1747, reused 1734, downloaded 0, added 94
Progress: resolved 1747, reused 1734, downloaded 0, added 95
Progress: resolved 1747, reused 1734, downloaded 0, added 96
Progress: resolved 1747, reused 1734, downloaded 0, added 97
Progress: resolved 1747, reused 1734, downloaded 0, added 98
Progress: resolved 1747, reused 1734, downloaded 0, added 100
Progress: resolved 1747, reused 1734, downloaded 0, added 103
Progress: resolved 1747, reused 1734, downloaded 0, added 106
Progress: resolved 1747, reused 1734, downloaded 0, added 107
Progress: resolved 1747, reused 1734, downloaded 0, added 108
Progress: resolved 1747, reused 1734, downloaded 0, added 110
Progress: resolved 1747, reused 1734, downloaded 0, added 111
Progress: resolved 1747, reused 1734, downloaded 0, added 112
Progress: resolved 1747, reused 1734, downloaded 0, added 113
Progress: resolved 1747, reused 1734, downloaded 0, added 114
Progress: resolved 1747, reused 1734, downloaded 0, added 117
Progress: resolved 1747, reused 1734, downloaded 0, added 118
Progress: resolved 1747, reused 1734, downloaded 0, added 120
Progress: resolved 1747, reused 1734, downloaded 0, added 122
Progress: resolved 1747, reused 1734, downloaded 0, added 126
Progress: resolved 1747, reused 1734, downloaded 0, added 128
Progress: resolved 1747, reused 1734, downloaded 0, added 130
Progress: resolved 1747, reused 1734, downloaded 0, added 131
Progress: resolved 1747, reused 1734, downloaded 0, added 133
Progress: resolved 1747, reused 1734, downloaded 0, added 135
Progress: resolved 1747, reused 1734, downloaded 0, added 136
Progress: resolved 1747, reused 1734, downloaded 0, added 137
Progress: resolved 1747, reused 1734, downloaded 0, added 138
Progress: resolved 1747, reused 1734, downloaded 0, added 139
Progress: resolved 1747, reused 1734, downloaded 0, added 140
Progress: resolved 1747, reused 1734, downloaded 0, added 141
Progress: resolved 1747, reused 1734, downloaded 0, added 143
Progress: resolved 1747, reused 1734, downloaded 0, added 145
Progress: resolved 1747, reused 1734, downloaded 0, added 148
Progress: resolved 1747, reused 1734, downloaded 0, added 149
Progress: resolved 1747, reused 1734, downloaded 0, added 151
Progress: resolved 1747, reused 1734, downloaded 0, added 152
Progress: resolved 1747, reused 1734, downloaded 0, added 153
Progress: resolved 1747, reused 1734, downloaded 0, added 154
Progress: resolved 1747, reused 1734, downloaded 0, added 155
Progress: resolved 1747, reused 1734, downloaded 0, added 158
Progress: resolved 1747, reused 1734, downloaded 0, added 161
Progress: resolved 1747, reused 1734, downloaded 0, added 163
Progress: resolved 1747, reused 1734, downloaded 0, added 169
Progress: resolved 1747, reused 1734, downloaded 0, added 175
Progress: resolved 1747, reused 1734, downloaded 0, added 177
Progress: resolved 1747, reused 1734, downloaded 0, added 191
Progress: resolved 1747, reused 1734, downloaded 0, added 193
Progress: resolved 1747, reused 1734, downloaded 0, added 194
Progress: resolved 1747, reused 1734, downloaded 0, added 195
Progress: resolved 1747, reused 1734, downloaded 0, added 196
Progress: resolved 1747, reused 1734, downloaded 0, added 197
Progress: resolved 1747, reused 1734, downloaded 0, added 208
Progress: resolved 1747, reused 1734, downloaded 0, added 224
Progress: resolved 1747, reused 1734, downloaded 0, added 227
Progress: resolved 1747, reused 1734, downloaded 0, added 228
Progress: resolved 1747, reused 1734, downloaded 0, added 229
Progress: resolved 1747, reused 1734, downloaded 0, added 234
Progress: resolved 1747, reused 1734, downloaded 0, added 235
Progress: resolved 1747, reused 1734, downloaded 0, added 236
Progress: resolved 1747, reused 1734, downloaded 0, added 237
Progress: resolved 1747, reused 1734, downloaded 0, added 238
Progress: resolved 1747, reused 1734, downloaded 0, added 240
Progress: resolved 1747, reused 1734, downloaded 0, added 243
Progress: resolved 1747, reused 1734, downloaded 0, added 247
Progress: resolved 1747, reused 1734, downloaded 0, added 256
Progress: resolved 1747, reused 1734, downloaded 0, added 261
Progress: resolved 1747, reused 1734, downloaded 0, added 264
Progress: resolved 1747, reused 1734, downloaded 0, added 265
Progress: resolved 1747, reused 1734, downloaded 0, added 269
Progress: resolved 1747, reused 1734, downloaded 0, added 275
Progress: resolved 1747, reused 1734, downloaded 0, added 276
Progress: resolved 1747, reused 1734, downloaded 0, added 277
Progress: resolved 1747, reused 1734, downloaded 0, added 280
Progress: resolved 1747, reused 1734, downloaded 0, added 281
Progress: resolved 1747, reused 1734, downloaded 0, added 282
Progress: resolved 1747, reused 1734, downloaded 0, added 283
Progress: resolved 1747, reused 1734, downloaded 0, added 289
Progress: resolved 1747, reused 1734, downloaded 0, added 290
Progress: resolved 1747, reused 1734, downloaded 0, added 297
Progress: resolved 1747, reused 1734, downloaded 0, added 302
Progress: resolved 1747, reused 1734, downloaded 0, added 303
Progress: resolved 1747, reused 1734, downloaded 0, added 305
Progress: resolved 1747, reused 1734, downloaded 0, added 306
Progress: resolved 1747, reused 1734, downloaded 0, added 310
Progress: resolved 1747, reused 1734, downloaded 0, added 311
Progress: resolved 1747, reused 1734, downloaded 0, added 312
Progress: resolved 1747, reused 1734, downloaded 0, added 318
Progress: resolved 1747, reused 1734, downloaded 0, added 322
Progress: resolved 1747, reused 1734, downloaded 0, added 333
Progress: resolved 1747, reused 1734, downloaded 0, added 338
Progress: resolved 1747, reused 1734, downloaded 0, added 339
Progress: resolved 1747, reused 1734, downloaded 0, added 341
Progress: resolved 1747, reused 1734, downloaded 0, added 342
Progress: resolved 1747, reused 1734, downloaded 0, added 343
Progress: resolved 1747, reused 1734, downloaded 0, added 344
Progress: resolved 1747, reused 1734, downloaded 0, added 346
Progress: resolved 1747, reused 1734, downloaded 0, added 354
Progress: resolved 1747, reused 1734, downloaded 0, added 355
Progress: resolved 1747, reused 1734, downloaded 0, added 356
Progress: resolved 1747, reused 1734, downloaded 0, added 357
Progress: resolved 1747, reused 1734, downloaded 0, added 360
Progress: resolved 1747, reused 1734, downloaded 0, added 362
Progress: resolved 1747, reused 1734, downloaded 0, added 364
Progress: resolved 1747, reused 1734, downloaded 0, added 365
Progress: resolved 1747, reused 1734, downloaded 0, added 366
Progress: resolved 1747, reused 1734, downloaded 0, added 367
Progress: resolved 1747, reused 1734, downloaded 0, added 375
Progress: resolved 1747, reused 1734, downloaded 0, added 376
Progress: resolved 1747, reused 1734, downloaded 0, added 381
Progress: resolved 1747, reused 1734, downloaded 0, added 385
Progress: resolved 1747, reused 1734, downloaded 0, added 389
Progress: resolved 1747, reused 1734, downloaded 0, added 394
Progress: resolved 1747, reused 1734, downloaded 0, added 397
Progress: resolved 1747, reused 1734, downloaded 0, added 402
Progress: resolved 1747, reused 1734, downloaded 0, added 403
Progress: resolved 1747, reused 1734, downloaded 0, added 405
Progress: resolved 1747, reused 1734, downloaded 0, added 407
Progress: resolved 1747, reused 1734, downloaded 0, added 408
Progress: resolved 1747, reused 1734, downloaded 0, added 411
Progress: resolved 1747, reused 1734, downloaded 0, added 414
Progress: resolved 1747, reused 1734, downloaded 0, added 415
Progress: resolved 1747, reused 1734, downloaded 0, added 416
Progress: resolved 1747, reused 1734, downloaded 0, added 417
Progress: resolved 1747, reused 1734, downloaded 0, added 418
Progress: resolved 1747, reused 1734, downloaded 0, added 419
Progress: resolved 1747, reused 1734, downloaded 0, added 420
Progress: resolved 1747, reused 1734, downloaded 0, added 421
Progress: resolved 1747, reused 1734, downloaded 0, added 422
Progress: resolved 1747, reused 1734, downloaded 0, added 423
Progress: resolved 1747, reused 1734, downloaded 0, added 424
Progress: resolved 1747, reused 1734, downloaded 0, added 425
Progress: resolved 1747, reused 1734, downloaded 0, added 426
Progress: resolved 1747, reused 1734, downloaded 0, added 427
Progress: resolved 1747, reused 1734, downloaded 0, added 428
Progress: resolved 1747, reused 1734, downloaded 0, added 437
Progress: resolved 1747, reused 1734, downloaded 0, added 441
Progress: resolved 1747, reused 1734, downloaded 0, added 442
Progress: resolved 1747, reused 1734, downloaded 0, added 443
Progress: resolved 1747, reused 1734, downloaded 0, added 444
Progress: resolved 1747, reused 1734, downloaded 0, added 445
Progress: resolved 1747, reused 1734, downloaded 0, added 446
Progress: resolved 1747, reused 1734, downloaded 0, added 447
Progress: resolved 1747, reused 1734, downloaded 0, added 449
Progress: resolved 1747, reused 1734, downloaded 0, added 450
Progress: resolved 1747, reused 1734, downloaded 0, added 455
Progress: resolved 1747, reused 1734, downloaded 0, added 457
Progress: resolved 1747, reused 1734, downloaded 0, added 461
Progress: resolved 1747, reused 1734, downloaded 0, added 463
Progress: resolved 1747, reused 1734, downloaded 0, added 479
Progress: resolved 1747, reused 1734, downloaded 0, added 482
Progress: resolved 1747, reused 1734, downloaded 0, added 490
Progress: resolved 1747, reused 1734, downloaded 0, added 493
Progress: resolved 1747, reused 1734, downloaded 0, added 494
Progress: resolved 1747, reused 1734, downloaded 0, added 497
Progress: resolved 1747, reused 1734, downloaded 0, added 498
Progress: resolved 1747, reused 1734, downloaded 0, added 499
Progress: resolved 1747, reused 1734, downloaded 0, added 500
Progress: resolved 1747, reused 1734, downloaded 0, added 504
Progress: resolved 1747, reused 1734, downloaded 0, added 506
Progress: resolved 1747, reused 1734, downloaded 0, added 507
Progress: resolved 1747, reused 1734, downloaded 0, added 510
Progress: resolved 1747, reused 1734, downloaded 0, added 511
Progress: resolved 1747, reused 1734, downloaded 0, added 515
Progress: resolved 1747, reused 1734, downloaded 0, added 519
Progress: resolved 1747, reused 1734, downloaded 0, added 522
Progress: resolved 1747, reused 1734, downloaded 0, added 523
Progress: resolved 1747, reused 1734, downloaded 0, added 524
Progress: resolved 1747, reused 1734, downloaded 0, added 525
Progress: resolved 1747, reused 1734, downloaded 0, added 529
Progress: resolved 1747, reused 1734, downloaded 0, added 531
Progress: resolved 1747, reused 1734, downloaded 0, added 533
Progress: resolved 1747, reused 1734, downloaded 0, added 534
Progress: resolved 1747, reused 1734, downloaded 0, added 535
Progress: resolved 1747, reused 1734, downloaded 0, added 536
Progress: resolved 1747, reused 1734, downloaded 0, added 537
Progress: resolved 1747, reused 1734, downloaded 0, added 538
Progress: resolved 1747, reused 1734, downloaded 0, added 539
Progress: resolved 1747, reused 1734, downloaded 0, added 540
Progress: resolved 1747, reused 1734, downloaded 0, added 541
Progress: resolved 1747, reused 1734, downloaded 0, added 542
Progress: resolved 1747, reused 1734, downloaded 0, added 543
Progress: resolved 1747, reused 1734, downloaded 0, added 544
Progress: resolved 1747, reused 1734, downloaded 0, added 548
Progress: resolved 1747, reused 1734, downloaded 0, added 554
Progress: resolved 1747, reused 1734, downloaded 0, added 557
Progress: resolved 1747, reused 1734, downloaded 0, added 558
Progress: resolved 1747, reused 1734, downloaded 0, added 559
Progress: resolved 1747, reused 1734, downloaded 0, added 562
Progress: resolved 1747, reused 1734, downloaded 0, added 565
Progress: resolved 1747, reused 1734, downloaded 0, added 566
Progress: resolved 1747, reused 1734, downloaded 0, added 567
Progress: resolved 1747, reused 1734, downloaded 0, added 569
Progress: resolved 1747, reused 1734, downloaded 0, added 570
Progress: resolved 1747, reused 1734, downloaded 0, added 576
Progress: resolved 1747, reused 1734, downloaded 0, added 579
Progress: resolved 1747, reused 1734, downloaded 0, added 582
Progress: resolved 1747, reused 1734, downloaded 0, added 585
Progress: resolved 1747, reused 1734, downloaded 0, added 590
Progress: resolved 1747, reused 1734, downloaded 0, added 591
Progress: resolved 1747, reused 1734, downloaded 0, added 592
Progress: resolved 1747, reused 1734, downloaded 0, added 593
Progress: resolved 1747, reused 1734, downloaded 0, added 595
Progress: resolved 1747, reused 1734, downloaded 0, added 598
Progress: resolved 1747, reused 1734, downloaded 0, added 605
Progress: resolved 1747, reused 1734, downloaded 0, added 606
Progress: resolved 1747, reused 1734, downloaded 0, added 616
Progress: resolved 1747, reused 1734, downloaded 0, added 619
Progress: resolved 1747, reused 1734, downloaded 0, added 623
Progress: resolved 1747, reused 1734, downloaded 0, added 628
Progress: resolved 1747, reused 1734, downloaded 0, added 631
Progress: resolved 1747, reused 1734, downloaded 0, added 632
Progress: resolved 1747, reused 1734, downloaded 0, added 633
Progress: resolved 1747, reused 1734, downloaded 0, added 636
Progress: resolved 1747, reused 1734, downloaded 0, added 637
Progress: resolved 1747, reused 1734, downloaded 0, added 638
Progress: resolved 1747, reused 1734, downloaded 0, added 639
Progress: resolved 1747, reused 1734, downloaded 0, added 640
Progress: resolved 1747, reused 1734, downloaded 0, added 641
Progress: resolved 1747, reused 1734, downloaded 0, added 642
Progress: resolved 1747, reused 1734, downloaded 0, added 643
Progress: resolved 1747, reused 1734, downloaded 0, added 644
Progress: resolved 1747, reused 1734, downloaded 0, added 648
Progress: resolved 1747, reused 1734, downloaded 0, added 649
Progress: resolved 1747, reused 1734, downloaded 0, added 650
Progress: resolved 1747, reused 1734, downloaded 0, added 651
Progress: resolved 1747, reused 1734, downloaded 0, added 652
Progress: resolved 1747, reused 1734, downloaded 0, added 656
Progress: resolved 1747, reused 1734, downloaded 0, added 657
Progress: resolved 1747, reused 1734, downloaded 0, added 658
Progress: resolved 1747, reused 1734, downloaded 0, added 660
Progress: resolved 1747, reused 1734, downloaded 0, added 664
Progress: resolved 1747, reused 1734, downloaded 0, added 668
Progress: resolved 1747, reused 1734, downloaded 0, added 671
Progress: resolved 1747, reused 1734, downloaded 0, added 674
Progress: resolved 1747, reused 1734, downloaded 0, added 676
Progress: resolved 1747, reused 1734, downloaded 0, added 677
Progress: resolved 1747, reused 1734, downloaded 0, added 678
Progress: resolved 1747, reused 1734, downloaded 0, added 679
Progress: resolved 1747, reused 1734, downloaded 0, added 682
Progress: resolved 1747, reused 1734, downloaded 0, added 683
Progress: resolved 1747, reused 1734, downloaded 0, added 684
Progress: resolved 1747, reused 1734, downloaded 0, added 685
Progress: resolved 1747, reused 1734, downloaded 0, added 686
Progress: resolved 1747, reused 1734, downloaded 0, added 687
Progress: resolved 1747, reused 1734, downloaded 0, added 692
Progress: resolved 1747, reused 1734, downloaded 0, added 693
Progress: resolved 1747, reused 1734, downloaded 0, added 694
Progress: resolved 1747, reused 1734, downloaded 0, added 696
Progress: resolved 1747, reused 1734, downloaded 0, added 699
Progress: resolved 1747, reused 1734, downloaded 0, added 703
Progress: resolved 1747, reused 1734, downloaded 0, added 708
Progress: resolved 1747, reused 1734, downloaded 0, added 713
Progress: resolved 1747, reused 1734, downloaded 0, added 716
Progress: resolved 1747, reused 1734, downloaded 0, added 718
Progress: resolved 1747, reused 1734, downloaded 0, added 719
Progress: resolved 1747, reused 1734, downloaded 0, added 721
Progress: resolved 1747, reused 1734, downloaded 0, added 724
Progress: resolved 1747, reused 1734, downloaded 0, added 726
Progress: resolved 1747, reused 1734, downloaded 0, added 727
Progress: resolved 1747, reused 1734, downloaded 0, added 728
Progress: resolved 1747, reused 1734, downloaded 0, added 729
Progress: resolved 1747, reused 1734, downloaded 0, added 730
Progress: resolved 1747, reused 1734, downloaded 0, added 731
Progress: resolved 1747, reused 1734, downloaded 0, added 733
Progress: resolved 1747, reused 1734, downloaded 0, added 734
Progress: resolved 1747, reused 1734, downloaded 0, added 735
Progress: resolved 1747, reused 1734, downloaded 0, added 736
Progress: resolved 1747, reused 1734, downloaded 0, added 743
Progress: resolved 1747, reused 1734, downloaded 0, added 745
Progress: resolved 1747, reused 1734, downloaded 0, added 750
Progress: resolved 1747, reused 1734, downloaded 0, added 752
Progress: resolved 1747, reused 1734, downloaded 0, added 755
Progress: resolved 1747, reused 1734, downloaded 0, added 758
Progress: resolved 1747, reused 1734, downloaded 0, added 760
Progress: resolved 1747, reused 1734, downloaded 0, added 762
Progress: resolved 1747, reused 1734, downloaded 0, added 764
Progress: resolved 1747, reused 1734, downloaded 0, added 765
Progress: resolved 1747, reused 1734, downloaded 0, added 766
Progress: resolved 1747, reused 1734, downloaded 0, added 767
Progress: resolved 1747, reused 1734, downloaded 0, added 770
Progress: resolved 1747, reused 1734, downloaded 0, added 776
Progress: resolved 1747, reused 1734, downloaded 0, added 781
Progress: resolved 1747, reused 1734, downloaded 0, added 789
Progress: resolved 1747, reused 1734, downloaded 0, added 791
Progress: resolved 1747, reused 1734, downloaded 0, added 792
Progress: resolved 1747, reused 1734, downloaded 0, added 793
Progress: resolved 1747, reused 1734, downloaded 0, added 794
Progress: resolved 1747, reused 1734, downloaded 0, added 798
Progress: resolved 1747, reused 1734, downloaded 0, added 799
Progress: resolved 1747, reused 1734, downloaded 0, added 800
Progress: resolved 1747, reused 1734, downloaded 0, added 801
Progress: resolved 1747, reused 1734, downloaded 0, added 802
Progress: resolved 1747, reused 1734, downloaded 0, added 803
Progress: resolved 1747, reused 1734, downloaded 0, added 807
Progress: resolved 1747, reused 1734, downloaded 0, added 810
Progress: resolved 1747, reused 1734, downloaded 0, added 814
Progress: resolved 1747, reused 1734, downloaded 0, added 815
Progress: resolved 1747, reused 1734, downloaded 0, added 816
Progress: resolved 1747, reused 1734, downloaded 0, added 817
Progress: resolved 1747, reused 1734, downloaded 0, added 818
Progress: resolved 1747, reused 1734, downloaded 0, added 819
Progress: resolved 1747, reused 1734, downloaded 0, added 826
Progress: resolved 1747, reused 1734, downloaded 0, added 827
Progress: resolved 1747, reused 1734, downloaded 0, added 828
Progress: resolved 1747, reused 1734, downloaded 0, added 829
Progress: resolved 1747, reused 1734, downloaded 0, added 830
Progress: resolved 1747, reused 1734, downloaded 0, added 831
Progress: resolved 1747, reused 1734, downloaded 0, added 834
Progress: resolved 1747, reused 1734, downloaded 0, added 835
Progress: resolved 1747, reused 1734, downloaded 0, added 839
Progress: resolved 1747, reused 1734, downloaded 0, added 843
Progress: resolved 1747, reused 1734, downloaded 0, added 844
Progress: resolved 1747, reused 1734, downloaded 0, added 845
Progress: resolved 1747, reused 1734, downloaded 0, added 846
Progress: resolved 1747, reused 1734, downloaded 0, added 847
Progress: resolved 1747, reused 1734, downloaded 0, added 849
Progress: resolved 1747, reused 1734, downloaded 0, added 853
Progress: resolved 1747, reused 1734, downloaded 0, added 855
Progress: resolved 1747, reused 1734, downloaded 0, added 856
Progress: resolved 1747, reused 1734, downloaded 0, added 860
Progress: resolved 1747, reused 1734, downloaded 0, added 861
Progress: resolved 1747, reused 1734, downloaded 0, added 863
Progress: resolved 1747, reused 1734, downloaded 0, added 864
Progress: resolved 1747, reused 1734, downloaded 0, added 866
Progress: resolved 1747, reused 1734, downloaded 0, added 869
Progress: resolved 1747, reused 1734, downloaded 0, added 870
Progress: resolved 1747, reused 1734, downloaded 0, added 871
Progress: resolved 1747, reused 1734, downloaded 0, added 872
Progress: resolved 1747, reused 1734, downloaded 0, added 873
Progress: resolved 1747, reused 1734, downloaded 0, added 874
